Input #0, mov,mp4,m4a,3gp,3g2,mj2, from 'assets/video/episode-04-full-v14-exact-source-launch-review.mp4':
  Metadata:
    major_brand     : isom
    minor_version   : 512
    compatible_brands: isomiso2avc1mp41
    encoder         : Lavf60.3.100
    comment         : Episode 04 v14 exact-source visual repair; v11 narration copied; captions remain external
  Duration: 00:20:22.37, start: 0.000000, bitrate: 1646 kb/s
  Stream #0:0[0x1](und): Video: h264 (High) (avc1 / 0x31637661), yuv420p(progressive), 1920x1080 [SAR 1:1 DAR 16:9], 1462 kb/s, 30 fps, 30 tbr, 15360 tbn (default)
    Metadata:
      handler_name    : VideoHandler
      vendor_id       : [0][0][0][0]
      encoder         : Lavc60.3.100 libx264
  Stream #0:1[0x2](und): Audio: aac (LC) (mp4a / 0x6134706D), 48000 Hz, mono, fltp, 175 kb/s (default)
    Metadata:
      handler_name    : SoundHandler
      vendor_id       : [0][0][0][0]
Stream mapping:
  Stream #0:0 -> #0:0 (h264 (native) -> wrapped_avframe (native))
  Stream #0:1 -> #0:1 (aac (native) -> pcm_s16le (native))
Press [q] to stop, [?] for help
Output #0, null, to 'pipe:':
  Metadata:
    major_brand     : isom
    minor_version   : 512
    compatible_brands: isomiso2avc1mp41
    comment         : Episode 04 v14 exact-source visual repair; v11 narration copied; captions remain external
    encoder         : Lavf60.3.100
  Stream #0:0(und): Video: wrapped_avframe, yuv420p(progressive), 1920x1080 [SAR 1:1 DAR 16:9], q=2-31, 200 kb/s, 30 fps, 30 tbn (default)
    Metadata:
      handler_name    : VideoHandler
      vendor_id       : [0][0][0][0]
      encoder         : Lavc60.3.100 wrapped_avframe
  Stream #0:1(und): Audio: pcm_s16le, 48000 Hz, mono, s16, 768 kb/s (default)
    Metadata:
      handler_name    : SoundHandler
      vendor_id       : [0][0][0][0]
      encoder         : Lavc60.3.100 pcm_s16le
frame=    0 fps=0.0 q=-0.0 size=N/A time=00:00:00.32 bitrate=N/A speed=8.74x
frame=  998 fps=0.0 q=-0.0 size=N/A time=00:00:33.60 bitrate=N/A speed=56.5x
frame= 1753 fps=1570 q=-0.0 size=N/A time=00:00:58.75 bitrate=N/A speed=52.6x
frame= 2626 fps=1624 q=-0.0 size=N/A time=00:01:27.85 bitrate=N/A speed=54.3x
frame= 3271 fps=1543 q=-0.0 size=N/A time=00:01:49.33 bitrate=N/A speed=51.6x
frame= 3977 fps=1503 q=-0.0 size=N/A time=00:02:12.90 bitrate=N/A speed=50.2x
frame= 4650 fps=1477 q=-0.0 size=N/A time=00:02:35.30 bitrate=N/A speed=49.3x
frame= 5228 fps=1423 q=-0.0 size=N/A time=00:02:54.57 bitrate=N/A speed=47.5x
frame= 6074 fps=1455 q=-0.0 size=N/A time=00:03:22.77 bitrate=N/A speed=48.6x
frame= 6622 fps=1410 q=-0.0 size=N/A time=00:03:41.03 bitrate=N/A speed=47.1x
frame= 7269 fps=1399 q=-0.0 size=N/A time=00:04:02.60 bitrate=N/A speed=46.7x
frame= 7673 fps=1345 q=-0.0 size=N/A time=00:04:16.08 bitrate=N/A speed=44.9x
frame= 8476 fps=1366 q=-0.0 size=N/A time=00:04:42.83 bitrate=N/A speed=45.6x
frame= 9319 fps=1390 q=-0.0 size=N/A time=00:05:10.93 bitrate=N/A speed=46.4x
frame=10225 fps=1419 q=-0.0 size=N/A time=00:05:41.14 bitrate=N/A speed=47.4x
frame=10893 fps=1404 q=-0.0 size=N/A time=00:06:03.41 bitrate=N/A speed=46.8x
frame=11655 fps=1411 q=-0.0 size=N/A time=00:06:28.80 bitrate=N/A speed=47.1x
frame=12510 fps=1424 q=-0.0 size=N/A time=00:06:57.30 bitrate=N/A speed=47.5x
frame=13360 fps=1439 q=-0.0 size=N/A time=00:07:25.65 bitrate=N/A speed=  48x
frame=14168 fps=1448 q=-0.0 size=N/A time=00:07:52.61 bitrate=N/A speed=48.3x
frame=15016 fps=1460 q=-0.0 size=N/A time=00:08:20.84 bitrate=N/A speed=48.7x
frame=15719 fps=1457 q=-0.0 size=N/A time=00:08:44.26 bitrate=N/A speed=48.6x
frame=16345 fps=1448 q=-0.0 size=N/A time=00:09:05.15 bitrate=N/A speed=48.3x
frame=17253 fps=1462 q=-0.0 size=N/A time=00:09:35.40 bitrate=N/A speed=48.8x
frame=18086 fps=1468 q=-0.0 size=N/A time=00:10:03.17 bitrate=N/A speed=  49x
frame=18866 fps=1471 q=-0.0 size=N/A time=00:10:29.18 bitrate=N/A speed=49.1x
frame=19599 fps=1471 q=-0.0 size=N/A time=00:10:53.61 bitrate=N/A speed=49.1x
frame=20307 fps=1469 q=-0.0 size=N/A time=00:11:17.20 bitrate=N/A speed=  49x
frame=21182 fps=1479 q=-0.0 size=N/A time=00:11:46.41 bitrate=N/A speed=49.3x
frame=22156 fps=1494 q=-0.0 size=N/A time=00:12:18.85 bitrate=N/A speed=49.8x
frame=22976 fps=1499 q=-0.0 size=N/A time=00:12:46.18 bitrate=N/A speed=  50x
frame=23860 fps=1508 q=-0.0 size=N/A time=00:13:15.64 bitrate=N/A speed=50.3x
frame=24481 fps=1499 q=-0.0 size=N/A time=00:13:36.38 bitrate=N/A speed=  50x
frame=25232 fps=1498 q=-0.0 size=N/A time=00:14:01.38 bitrate=N/A speed=  50x
frame=26260 fps=1511 q=-0.0 size=N/A time=00:14:35.66 bitrate=N/A speed=50.4x
frame=27012 fps=1511 q=-0.0 size=N/A time=00:15:00.71 bitrate=N/A speed=50.4x
frame=27809 fps=1513 q=-0.0 size=N/A time=00:15:27.27 bitrate=N/A speed=50.5x
frame=28619 fps=1515 q=-0.0 size=N/A time=00:15:54.28 bitrate=N/A speed=50.5x
frame=29538 fps=1523 q=-0.0 size=N/A time=00:16:24.91 bitrate=N/A speed=50.8x
frame=30253 fps=1521 q=-0.0 size=N/A time=00:16:48.74 bitrate=N/A speed=50.7x
frame=30817 fps=1510 q=-0.0 size=N/A time=00:17:07.58 bitrate=N/A speed=50.4x
frame=31463 fps=1505 q=-0.0 size=N/A time=00:17:29.06 bitrate=N/A speed=50.2x
frame=32231 fps=1505 q=-0.0 size=N/A time=00:17:54.68 bitrate=N/A speed=50.2x
frame=33059 fps=1507 q=-0.0 size=N/A time=00:18:22.27 bitrate=N/A speed=50.2x
frame=33630 fps=1498 q=-0.0 size=N/A time=00:18:41.30 bitrate=N/A speed=49.9x
frame=34472 fps=1502 q=-0.0 size=N/A time=00:19:09.37 bitrate=N/A speed=50.1x
frame=35184 fps=1500 q=-0.0 size=N/A time=00:19:33.12 bitrate=N/A speed=  50x
frame=36005 fps=1503 q=-0.0 size=N/A time=00:20:00.46 bitrate=N/A speed=50.1x
frame=36669 fps=1507 q=-0.0 Lsize=N/A time=00:20:22.35 bitrate=N/A speed=50.2x
video:17189kB audio:114598kB subtitle:0kB other streams:0kB global headers:0kB muxing overhead: unknown
